// Jest Snapshot v1, https://goo.gl/fbAQLP

exports[`<Hero /> should match snapshot 1`] = `ReactWrapper {}`;
